{
  "selected": [
    "5091945656701445251",
    "4751678703388351030",
    "4572602250768195206",
    "379900031815044385",
    "6389491837593690377",
    "2680650857130468271",
    "7114917262988826943",
    "777874252596041836",
    "7091415937357842299",
    "arxiv:2604.26422",
    "arxiv:2605.08835",
    "3495506402720422711",
    "arxiv:2605.24044",
    "arxiv:2606.02982",
    "8507411659808898103",
    "1015644620298296471",
    "5035409720091109396",
    "3184073458339981590",
    "7582065820579953952",
    "6247590729807451339",
    "3956974113548681661",
    "4685038903586101577",
    "6685155072091894007",
    "7072140537051199413",
    "2937543854568710884",
    "4353526302494529976",
    "5502882124631100505",
    "8916858412621485278",
    "1876527375800181618",
    "4909246700627321249",
    "4634417666065054634",
    "148054313537924416",
    "3860974450908273774",
    "8281079617290861983",
    "811021839911309015",
    "4918028213022572326",
    "6400808627387146558",
    "811021839911309015",
    "471147898423564130",
    "708190934439977881"
  ],
  "completed": [],
  "failures": [
    {
      "paper_id": "4751678703388351030",
      "reason": "[WinError 2] The system cannot find the file specified"
    }
  ]
}
