{
  "selected": [
    "879337995060209242",
    "3533139114241224874",
    "9210315832116231863",
    "1008895925745653888",
    "5032329569097044522",
    "7378211101575091872",
    "8615762236463595756",
    "2096410802607545062",
    "8312796911645753503",
    "793969311121114695",
    "3641059208281951642",
    "2585869578307353095",
    "6083565504992840121",
    "6837192198047712100",
    "878420532725806173",
    "8852749207956125600",
    "paper:6489845998008852691",
    "1513578170617230124",
    "8527423835154793899",
    "8781694099207993783",
    "8740987514523516970",
    "1248992574588439202",
    "8699541541634355661",
    "3535929289043163037",
    "4575203204353436306",
    "5696450268229998125",
    "4445410461297643621",
    "8205237562466468679",
    "5774175925702694687",
    "3382164174043790711",
    "8927379962064983548",
    "8229256200606714368",
    "7753522501923843245",
    "3497703326437411280",
    "3628189407148691178",
    "8386212244020225230",
    "7502581569240603993",
    "6419517550586514846",
    "4991365383903781939",
    "5094183389523149378",
    "1953367332532727378",
    "5135784176408680633",
    "6843881366901417562",
    "7747467360638555274",
    "6390761097948818872",
    "8483206557757142116",
    "314904029621309213",
    "59477051859945183",
    "488068363468422015",
    "2317788909649992327",
    "5484583006319109269",
    "6460543488756214940",
    "911032800681776325",
    "6704671353461075903",
    "4804391404600006319",
    "9066827667293794622",
    "1829574206311425252",
    "7906148459535831684",
    "93876876639071929",
    "3434422876818543608",
    "2568641441340247093",
    "129058456457832974",
    "3962880500727714015",
    "5526233672338390587",
    "2959649268782175219",
    "3712635476799143226",
    "6332740856304183869",
    "7496112588672496423",
    "2141593291315246026",
    "4749382885340667577",
    "3559891480036047374",
    "8294734947876040588",
    "paper:8034704799096827584",
    "1954043850659227405",
    "338201055510510724",
    "7974977515349955058",
    "3477274274502234626",
    "4138142164657463012",
    "5227381937564549303",
    "1978409156266551700",
    "8524262083671739302",
    "7686188609117160736",
    "55783823549365606",
    "2362677526915156555"
  ],
  "completed": [],
  "failures": [
    {
      "paper_id": "879337995060209242",
      "reason": "[WinError 2] The system cannot find the file specified"
    }
  ]
}
