{
  "selected": [
    "5192975177350079084",
    "3265454835860018185",
    "940463066769611816",
    "2494685551455670912",
    "7676024505517203831",
    "paper:1098589559250016729",
    "8090738307177313111",
    "7778312118884684457",
    "5651862759782299032",
    "paper:8610680491422498836",
    "5093827899216795159",
    "2633456745520086084",
    "5317740654435006935",
    "229946436144483838",
    "9134413841358268803",
    "paper:5915492604484547397",
    "3503479315662143829",
    "7656074009449177557",
    "5217643239832290608",
    "7693866388030252506",
    "3442545716351065472",
    "8396331056550408364",
    "172679972049406321",
    "2748529845950540173",
    "6565287643639005532",
    "4094141274326574307",
    "8148875679315622563",
    "1128999622035738234",
    "601835423555406706",
    "paper:2393891795597193176",
    "6401634938424533291",
    "1714079230872807634",
    "2721773115702940467",
    "7550459696339819542",
    "6412596575216586142",
    "259391721561967316",
    "6499593389272194854",
    "136342900802933551",
    "8907449749865847396",
    "3066508447900552558",
    "3923853301097914783",
    "3844729635549653255",
    "7564030652971480721",
    "8272105184171087616",
    "9118022028318900073",
    "3794225775088989514",
    "6417596044333380854",
    "paper:1843100135047435983",
    "7690300414635051696",
    "2562121241489670564",
    "5040276007414220243",
    "4598003197670268429",
    "967986658667265628",
    "3179306111713615406",
    "5888420114703595077",
    "5534031768320023117",
    "9069292778363288874",
    "paper:2053643302056779038",
    "7517288702547910304",
    "5029735813845982863",
    "3464492412019741723",
    "8403475809492059132",
    "5754310686930505204",
    "9193689769973441491",
    "1800283210962300312",
    "7027584146272465659",
    "2925944073748712909",
    "5946644984979628264",
    "1124611220805808414",
    "paper:7360457661731352124",
    "3278963067358731473",
    "5377938612166049515",
    "3725856448721130795",
    "4956296452326464614",
    "1524604266271238693",
    "6253280644912656904",
    "9114711811322698175",
    "paper:8242319319525442704",
    "8931423357914058346",
    "8133382124311375445",
    "2875644376381866859",
    "2923051013699255287",
    "3791063898122161840",
    "337202698952284361",
    "695909273547980599",
    "2330707948166606175",
    "4829495359740640544",
    "8869541691629588798",
    "678452160525643206",
    "5047228121893456402",
    "4812379650923128571",
    "164291128922978147"
  ],
  "completed": [],
  "failures": [
    {
      "paper_id": "5192975177350079084",
      "reason": "[WinError 2] The system cannot find the file specified"
    }
  ]
}
{
  "selected": [
    "5192975177350079084",
    "3265454835860018185",
    "940463066769611816",
    "2494685551455670912",
    "7676024505517203831",
    "paper:1098589559250016729",
    "8090738307177313111",
    "7778312118884684457",
    "5651862759782299032",
    "paper:8610680491422498836",
    "5093827899216795159",
    "2633456745520086084",
    "5317740654435006935",
    "229946436144483838",
    "9134413841358268803",
    "paper:5915492604484547397",
    "3503479315662143829",
    "7656074009449177557",
    "5217643239832290608",
    "7693866388030252506",
    "3442545716351065472",
    "8396331056550408364",
    "172679972049406321",
    "2748529845950540173",
    "6565287643639005532",
    "4094141274326574307",
    "8148875679315622563",
    "1128999622035738234",
    "601835423555406706",
    "paper:2393891795597193176",
    "6401634938424533291",
    "1714079230872807634",
    "2721773115702940467",
    "7550459696339819542",
    "6412596575216586142",
    "259391721561967316",
    "6499593389272194854",
    "136342900802933551",
    "8907449749865847396",
    "3066508447900552558",
    "3923853301097914783",
    "3844729635549653255",
    "7564030652971480721",
    "8272105184171087616",
    "9118022028318900073",
    "3794225775088989514",
    "6417596044333380854",
    "paper:1843100135047435983",
    "7690300414635051696",
    "2562121241489670564",
    "5040276007414220243",
    "4598003197670268429",
    "967986658667265628",
    "3179306111713615406",
    "5888420114703595077",
    "5534031768320023117",
    "9069292778363288874",
    "paper:2053643302056779038",
    "7517288702547910304",
    "5029735813845982863",
    "3464492412019741723",
    "8403475809492059132",
    "5754310686930505204",
    "9193689769973441491",
    "1800283210962300312",
    "7027584146272465659",
    "2925944073748712909",
    "5946644984979628264",
    "1124611220805808414",
    "paper:7360457661731352124",
    "3278963067358731473",
    "5377938612166049515",
    "3725856448721130795",
    "4956296452326464614",
    "1524604266271238693",
    "6253280644912656904",
    "9114711811322698175",
    "paper:8242319319525442704",
    "8931423357914058346",
    "8133382124311375445",
    "2875644376381866859",
    "2923051013699255287",
    "3791063898122161840",
    "337202698952284361",
    "695909273547980599",
    "2330707948166606175",
    "4829495359740640544",
    "8869541691629588798",
    "678452160525643206",
    "5047228121893456402",
    "4812379650923128571",
    "164291128922978147"
  ],
  "completed": [],
  "failures": [
    {
      "paper_id": "5192975177350079084",
      "reason": "[WinError 2] The system cannot find the file specified"
    }
  ]
}
