{
  "selected": [
    "2729250871240918155",
    "375130457246937923",
    "646370602949243623",
    "8859998198916315850",
    "3069230523547814147",
    "249789132978283162",
    "5393968608217819054",
    "7608722997349453291",
    "8679237001429107828",
    "paper:6436735899685906844",
    "4679223243883710682",
    "2634927809235544032",
    "5830356925107734507",
    "936854425268785734",
    "6078945623267100079",
    "4571804848027351162",
    "99986376223958472",
    "4093597848784466370",
    "1205672755311335077",
    "4152575440356959648",
    "8526441971270990701",
    "91019993632972099",
    "9087744138860461314",
    "6961083835529188407",
    "8696560765610843315",
    "7361997795189334446",
    "3991226472929008973",
    "310153991478210003",
    "2730221948405730068",
    "263561550987285071",
    "7153633365338612044",
    "3637747461730837151",
    "2097186268885686044",
    "8293725161428362144",
    "7446765129651256717",
    "2372249564863941971",
    "2191557420340195570",
    "paper:2883908745751492350",
    "8712523804497733235",
    "5675170532922735442",
    "7091995957273612236",
    "9031226351075876141",
    "8872547048161914968",
    "5072644568159972777",
    "7485814310455548123",
    "8889269536884780073",
    "5928007629758993501",
    "2702300622065092087",
    "7223458891594377732",
    "323961973431496472",
    "2334916860060130719",
    "6080234596721161276",
    "5692064662442592903",
    "7011629086519844105",
    "6239140313018226750",
    "6017560110960776984",
    "649234180091566534",
    "5789255500855350391",
    "8496228684782664599",
    "7229651332889906963",
    "1625956046822943882",
    "3930903093973535694",
    "5066739504208455011",
    "3597251663767946375",
    "3707839407077832969",
    "6772537711166709981",
    "4584501003080664393",
    "3454566144229056718",
    "6320764400594930505",
    "3183297137730665025",
    "paper:865580360297157854",
    "paper:8214799405811397525",
    "2422072650335842074",
    "7449242363637890492",
    "4264930226721549444",
    "1947274157565656853",
    "2979027912599204902",
    "paper:3191642339254174440",
    "4006638545805040945",
    "8708928308217574538",
    "8521346178484047786",
    "1979391020150354898",
    "2694473537651908628",
    "paper:2950079168762564030",
    "2909626764759929792"
  ],
  "completed": [],
  "failures": [
    {
      "paper_id": "2729250871240918155",
      "reason": "[WinError 2] The system cannot find the file specified"
    }
  ]
}
{
  "selected": [
    "2729250871240918155",
    "375130457246937923",
    "646370602949243623",
    "8859998198916315850",
    "3069230523547814147",
    "249789132978283162",
    "5393968608217819054",
    "7608722997349453291",
    "8679237001429107828",
    "paper:6436735899685906844",
    "4679223243883710682",
    "2634927809235544032",
    "5830356925107734507",
    "936854425268785734",
    "6078945623267100079",
    "4571804848027351162",
    "99986376223958472",
    "4093597848784466370",
    "1205672755311335077",
    "4152575440356959648",
    "8526441971270990701",
    "91019993632972099",
    "9087744138860461314",
    "6961083835529188407",
    "8696560765610843315",
    "7361997795189334446",
    "3991226472929008973",
    "310153991478210003",
    "2730221948405730068",
    "263561550987285071",
    "7153633365338612044",
    "3637747461730837151",
    "2097186268885686044",
    "8293725161428362144",
    "7446765129651256717",
    "2372249564863941971",
    "2191557420340195570",
    "paper:2883908745751492350",
    "8712523804497733235",
    "5675170532922735442",
    "7091995957273612236",
    "9031226351075876141",
    "8872547048161914968",
    "5072644568159972777",
    "7485814310455548123",
    "8889269536884780073",
    "5928007629758993501",
    "2702300622065092087",
    "7223458891594377732",
    "323961973431496472",
    "2334916860060130719",
    "6080234596721161276",
    "5692064662442592903",
    "7011629086519844105",
    "6239140313018226750",
    "6017560110960776984",
    "649234180091566534",
    "5789255500855350391",
    "8496228684782664599",
    "7229651332889906963",
    "1625956046822943882",
    "3930903093973535694",
    "5066739504208455011",
    "3597251663767946375",
    "3707839407077832969",
    "6772537711166709981",
    "4584501003080664393",
    "3454566144229056718",
    "6320764400594930505",
    "3183297137730665025",
    "paper:865580360297157854",
    "paper:8214799405811397525",
    "2422072650335842074",
    "7449242363637890492",
    "4264930226721549444",
    "1947274157565656853",
    "2979027912599204902",
    "paper:3191642339254174440",
    "4006638545805040945",
    "8708928308217574538",
    "8521346178484047786",
    "1979391020150354898",
    "2694473537651908628",
    "paper:2950079168762564030",
    "2909626764759929792"
  ],
  "completed": [],
  "failures": [
    {
      "paper_id": "2729250871240918155",
      "reason": "[WinError 2] The system cannot find the file specified"
    }
  ]
}
