{
  "selected": [
    "4384026249586721898",
    "8859639635410870005",
    "2210363815980797505",
    "6042546941290649022",
    "5277491328218098077",
    "3591707561766497696",
    "3892892563609774567",
    "2850751256253869877",
    "4498148791615941431",
    "5981797910997404482",
    "3524889628864475116",
    "3083463701572167167",
    "7847981249415513002",
    "paper:7907336004896377132",
    "2581448674301580359",
    "5426131876647524341",
    "3754029868543148807",
    "paper:524159261732825661",
    "1817892138556598275",
    "8662710671087675907",
    "3996273862723610597",
    "4674434870743797902",
    "6275153092680854812",
    "4784381720716007303",
    "5061606298511085759",
    "6723164879230120458",
    "8569732819535490512",
    "7051202469476431001",
    "paper:6091467233396296217",
    "3466560661032093238",
    "5141848083670594848",
    "3488601914299621144",
    "8965492967417941169",
    "5006607396447279585",
    "7952387356626653331",
    "9104233621316623647",
    "8144062941909719832",
    "7804101703900192777",
    "4988722855680083440",
    "paper:8452879662849895273",
    "7662550715697266893",
    "853036758247221417",
    "6785612181231565769",
    "8860747422089733836",
    "9218195402512325218",
    "3263596525152718841",
    "2451519550743043878",
    "2340210583996221739",
    "8895124055942280057",
    "5566195296376458074",
    "5491073106416328512",
    "1044046460730200155",
    "15855220806060801",
    "3742414908498763526",
    "3329814612201245462",
    "9029389067145514010",
    "2742337588664756215",
    "5730221790891479445",
    "1378957465983574935",
    "6836670341910716800",
    "5822096696569915980",
    "3877591065627390523",
    "4751591944980218663",
    "paper:401178272240727394",
    "5695011353605630708",
    "5704926586941185701",
    "2310639658847470250",
    "paper:7874976853840465645",
    "2395434247571698089",
    "793592550980905877",
    "2391807197990807650",
    "6786177724011591666",
    "7761882977732596955",
    "7104990380593106313",
    "133845730086117543",
    "5303797641075512772",
    "paper:4875285405212043463",
    "3927084490089515791",
    "5062952786161653227",
    "9170316564187057123",
    "8007133281895495179",
    "6750532058461697117",
    "paper:4686205739969386764",
    "paper:4585500459150518967",
    "1607796727160667596",
    "6849930704453497859",
    "5154243226023698900",
    "3473245935738698677",
    "3421880886366022081",
    "2416285920637702931",
    "1391943372227876007",
    "2367642828341044626",
    "6384337938882537174",
    "3172532102657841963",
    "8318184824090572372",
    "5268391883537348948",
    "4928585230074013741",
    "7728885022417538582",
    "paper:3799408001921119939",
    "1063476993833424104",
    "paper:7159082831649230452",
    "6076069792843966956",
    "4764149497769270447"
  ],
  "completed": [],
  "failures": [
    {
      "paper_id": "4384026249586721898",
      "reason": "[WinError 2] The system cannot find the file specified"
    }
  ]
}
