{
  "selected": [
    "301213087444764419",
    "8056686046808412773",
    "5188212938104490743",
    "3896262198105927795",
    "9041867398368112497",
    "8623742208834864320",
    "3994842541428777435",
    "6892148114340942289",
    "7191104061774885847",
    "8484531100130183844",
    "2006202443956549374",
    "4853416372676424039",
    "1398826677212629428",
    "212521854571461782",
    "386131465566908983",
    "4353705513931831690",
    "1136580757785294051",
    "3076055568652607584",
    "paper:874415918567867362",
    "8575105773474933745",
    "5227204761196325432",
    "paper:1816269465177196816",
    "203805559968563950",
    "5937389788364227779",
    "3186562648206839816",
    "5274517079018214007",
    "268417157038989710",
    "6586255554588626848",
    "4270563412972427018",
    "9111806958083590388",
    "7951317326494654779",
    "6634841584132611042",
    "7951734455113467659",
    "4034591154307734088",
    "5263560367586976246",
    "6238386950667538428",
    "3445247690461855561",
    "890527196104452219",
    "4575419425187317044",
    "7068350801447590111",
    "2199713408088641328",
    "514293747258716012",
    "2159917747424053347",
    "8830959282870358334",
    "5725436716286451298",
    "paper:3032223792504955207",
    "1651987172922293113",
    "8112548184577362104",
    "1711437796549922138",
    "4418501308535769853",
    "1851227707938113907",
    "7320520422454382784",
    "7952613658681093950",
    "5701131072801358229",
    "4115822896948500689",
    "7915594193979938271",
    "3302047507518431315",
    "1027832950776348839",
    "paper:3033882166999374279",
    "2641200895421430767",
    "9102339612216284943",
    "paper:8410854322951799151",
    "7753146987695993383",
    "3561543537752091502",
    "2464513511920957643",
    "4728202597294487877",
    "4458421285252954194",
    "5259393553901753654",
    "6006086962067327088",
    "3626768946003044836",
    "8751131218435579596",
    "paper:4105512212332147420",
    "6332737172220169799",
    "3071927567162765600",
    "8858972700162953582",
    "6657053851872486137",
    "3348612275049078337",
    "paper:9066399753394176765",
    "4382906780244847843",
    "5491793550863891849",
    "1186466401144453217",
    "1516772447163495565",
    "3154446290545260101",
    "7066535919220542299",
    "8881232397816983027",
    "paper:4262314953318008104",
    "7928890770130937146"
  ],
  "completed": [],
  "failures": [
    {
      "paper_id": "301213087444764419",
      "reason": "[WinError 2] The system cannot find the file specified"
    }
  ]
}
{
  "selected": [
    "301213087444764419",
    "8056686046808412773",
    "5188212938104490743",
    "3896262198105927795",
    "9041867398368112497",
    "8623742208834864320",
    "3994842541428777435",
    "6892148114340942289",
    "7191104061774885847",
    "8484531100130183844",
    "2006202443956549374",
    "4853416372676424039",
    "1398826677212629428",
    "212521854571461782",
    "386131465566908983",
    "4353705513931831690",
    "1136580757785294051",
    "3076055568652607584",
    "paper:874415918567867362",
    "8575105773474933745",
    "5227204761196325432",
    "paper:1816269465177196816",
    "203805559968563950",
    "5937389788364227779",
    "3186562648206839816",
    "5274517079018214007",
    "268417157038989710",
    "6586255554588626848",
    "4270563412972427018",
    "9111806958083590388",
    "7951317326494654779",
    "6634841584132611042",
    "7951734455113467659",
    "4034591154307734088",
    "5263560367586976246",
    "6238386950667538428",
    "3445247690461855561",
    "890527196104452219",
    "4575419425187317044",
    "7068350801447590111",
    "2199713408088641328",
    "514293747258716012",
    "2159917747424053347",
    "8830959282870358334",
    "5725436716286451298",
    "paper:3032223792504955207",
    "1651987172922293113",
    "8112548184577362104",
    "1711437796549922138",
    "4418501308535769853",
    "1851227707938113907",
    "7320520422454382784",
    "7952613658681093950",
    "5701131072801358229",
    "4115822896948500689",
    "7915594193979938271",
    "3302047507518431315",
    "1027832950776348839",
    "paper:3033882166999374279",
    "2641200895421430767",
    "9102339612216284943",
    "paper:8410854322951799151",
    "7753146987695993383",
    "3561543537752091502",
    "2464513511920957643",
    "4728202597294487877",
    "4458421285252954194",
    "5259393553901753654",
    "6006086962067327088",
    "3626768946003044836",
    "8751131218435579596",
    "paper:4105512212332147420",
    "6332737172220169799",
    "3071927567162765600",
    "8858972700162953582",
    "6657053851872486137",
    "3348612275049078337",
    "paper:9066399753394176765",
    "4382906780244847843",
    "5491793550863891849",
    "1186466401144453217",
    "1516772447163495565",
    "3154446290545260101",
    "7066535919220542299",
    "8881232397816983027",
    "paper:4262314953318008104",
    "7928890770130937146"
  ],
  "completed": [],
  "failures": [
    {
      "paper_id": "301213087444764419",
      "reason": "[WinError 2] The system cannot find the file specified"
    }
  ]
}
