{
  "selected": [
    "paper:377979050967255143",
    "1285586786218646123",
    "8689071590001665744",
    "9012743947472818256",
    "7490515010643091687",
    "151255766521441384",
    "5577299062231098728",
    "3270426112587894525",
    "paper:4523262488328352977",
    "3167665712883986549",
    "8838325920596574646",
    "paper:3191248673191181099",
    "7768779951787493899",
    "6250509982460973654",
    "6415149500733291723",
    "129553613122336512",
    "1042685990571360887",
    "1283543166216154635",
    "paper:3193814831402808307",
    "4799217209381182002",
    "2597648626728000653",
    "2158473155157600649",
    "6312307086210867170",
    "4042090735264414775",
    "3224530826810800039",
    "310859582799769930",
    "2618410873801015115",
    "3747531280277962504",
    "1493824108579909774",
    "548088352798411852",
    "6719194446626649008",
    "5599220673099751300",
    "5372156280514423216",
    "4779211215264620461",
    "796185357657178280",
    "7562786878661490113",
    "6578325740275903826",
    "7439499759807424489",
    "88638379154758689",
    "145638763374542861",
    "2575268719407960742",
    "9140625419916350917",
    "paper:8249944997338860242",
    "2223674091952932932",
    "3188779940999503071",
    "4749055741428837038",
    "2185762845452832338",
    "7406164041413490496",
    "paper:9041079134988418992",
    "1381304480882885286",
    "7509813927081745493",
    "7510785182070914128"
  ],
  "completed": [],
  "failures": [
    {
      "paper_id": "paper:377979050967255143",
      "reason": "[WinError 2] The system cannot find the file specified"
    }
  ]
}
{
  "selected": [
    "paper:377979050967255143",
    "1285586786218646123",
    "8689071590001665744",
    "9012743947472818256",
    "7490515010643091687",
    "151255766521441384",
    "5577299062231098728",
    "3270426112587894525",
    "paper:4523262488328352977",
    "3167665712883986549",
    "8838325920596574646",
    "paper:3191248673191181099",
    "7768779951787493899",
    "6250509982460973654",
    "6415149500733291723",
    "129553613122336512",
    "1042685990571360887",
    "1283543166216154635",
    "paper:3193814831402808307",
    "4799217209381182002",
    "2597648626728000653",
    "2158473155157600649",
    "6312307086210867170",
    "4042090735264414775",
    "3224530826810800039",
    "310859582799769930",
    "2618410873801015115",
    "3747531280277962504",
    "1493824108579909774",
    "548088352798411852",
    "6719194446626649008",
    "5599220673099751300",
    "5372156280514423216",
    "4779211215264620461",
    "796185357657178280",
    "7562786878661490113",
    "6578325740275903826",
    "7439499759807424489",
    "88638379154758689",
    "145638763374542861",
    "2575268719407960742",
    "9140625419916350917",
    "paper:8249944997338860242",
    "2223674091952932932",
    "3188779940999503071",
    "4749055741428837038",
    "2185762845452832338",
    "7406164041413490496",
    "paper:9041079134988418992",
    "1381304480882885286",
    "7509813927081745493",
    "7510785182070914128"
  ],
  "completed": [],
  "failures": [
    {
      "paper_id": "paper:377979050967255143",
      "reason": "[WinError 2] The system cannot find the file specified"
    }
  ]
}
