{
  "selected": [
    "7923455617757539481",
    "3975673247172170941",
    "4084674953039647992",
    "2203310448672983125",
    "7156445151875138130",
    "3120384796082460037",
    "5719323997972718839",
    "5736509947143852074",
    "9148079343067145722",
    "3066940910566807334",
    "2730371564793671387",
    "2016032035901082354",
    "paper:7202885681899517333",
    "5013964582468463473",
    "4467357394806590491",
    "3119597840811836316",
    "paper:8311099796552268628",
    "5807790514024252067",
    "8289749313926202526",
    "6425993496031475105",
    "8075945866475497529",
    "8311402514032271300",
    "4220452015204281758",
    "1110293417295773191",
    "1192808445387884683",
    "paper:2938985251634738342",
    "7700782316976487985",
    "4357661716218283932",
    "3876700955211388645",
    "paper:1376354825486305755",
    "377306367123481615",
    "2228674012315722523",
    "4837107867345514167",
    "5531762933309402344",
    "4411844218003874449",
    "4618870037491131402",
    "2650464892201514573",
    "2195870894637987311",
    "1936540550903134302",
    "5132708402897817870",
    "6802497388817339780",
    "6041479437865913858",
    "6294292349448832259",
    "115772545139737857",
    "1962217789353986828",
    "4886363718288638851",
    "3716470670973504180",
    "2198198917261368994",
    "7501651985129205653",
    "4070106857344761341",
    "4602234803954384178",
    "7556241613272110970",
    "5940446443785024773",
    "8188321816755114179",
    "7626502141917090167",
    "7760238320497540606",
    "2164268087201720550",
    "7958127329840344829",
    "4165841275633391396",
    "9015489180174796944",
    "1129577662761466954",
    "7191295012736576310",
    "1959673439136639858",
    "148249198443564677",
    "4766139000239976698",
    "4197177455214316091",
    "901122192558029385",
    "paper:5588495275950532896",
    "2526571604248250802",
    "5576374471582489225",
    "383161011009935380",
    "6723986118301446421",
    "7207923511884259225",
    "4273333867653501783",
    "4725001328504647142",
    "8985611711543224540",
    "132691662855403571",
    "1377215500411763354",
    "671065587036985814",
    "636052299872850866",
    "1517847985194127213",
    "3664798275827078983",
    "98380436054021360",
    "8653443632812827154",
    "95093076394801350",
    "2044953370546941133",
    "5317367265491319149",
    "388580932880063643",
    "paper:2175269809517540344",
    "8608037420384244332",
    "1203538209449296219",
    "2922426078850415078",
    "7000562644173252603",
    "4939152418453747647",
    "5731255064663698235",
    "740560841751875654",
    "2854168262037277207",
    "8608037420384244332",
    "4943232043604725586",
    "3860974450908273774"
  ],
  "completed": [],
  "failures": [
    {
      "paper_id": "7923455617757539481",
      "reason": "[WinError 2] The system cannot find the file specified"
    }
  ]
}
{
  "selected": [
    "7923455617757539481",
    "3975673247172170941",
    "4084674953039647992",
    "2203310448672983125",
    "7156445151875138130",
    "3120384796082460037",
    "5719323997972718839",
    "5736509947143852074",
    "9148079343067145722",
    "3066940910566807334",
    "2730371564793671387",
    "2016032035901082354",
    "paper:7202885681899517333",
    "5013964582468463473",
    "4467357394806590491",
    "3119597840811836316",
    "paper:8311099796552268628",
    "5807790514024252067",
    "8289749313926202526",
    "6425993496031475105",
    "8075945866475497529",
    "8311402514032271300",
    "4220452015204281758",
    "1110293417295773191",
    "1192808445387884683",
    "paper:2938985251634738342",
    "7700782316976487985",
    "4357661716218283932",
    "3876700955211388645",
    "paper:1376354825486305755",
    "377306367123481615",
    "2228674012315722523",
    "4837107867345514167",
    "5531762933309402344",
    "4411844218003874449",
    "4618870037491131402",
    "2650464892201514573",
    "2195870894637987311",
    "1936540550903134302",
    "5132708402897817870",
    "6802497388817339780",
    "6041479437865913858",
    "6294292349448832259",
    "115772545139737857",
    "1962217789353986828",
    "4886363718288638851",
    "3716470670973504180",
    "2198198917261368994",
    "7501651985129205653",
    "4070106857344761341",
    "4602234803954384178",
    "7556241613272110970",
    "5940446443785024773",
    "8188321816755114179",
    "7626502141917090167",
    "7760238320497540606",
    "2164268087201720550",
    "7958127329840344829",
    "4165841275633391396",
    "9015489180174796944",
    "1129577662761466954",
    "7191295012736576310",
    "1959673439136639858",
    "148249198443564677",
    "4766139000239976698",
    "4197177455214316091",
    "901122192558029385",
    "paper:5588495275950532896",
    "2526571604248250802",
    "5576374471582489225",
    "383161011009935380",
    "6723986118301446421",
    "7207923511884259225",
    "4273333867653501783",
    "4725001328504647142",
    "8985611711543224540",
    "132691662855403571",
    "1377215500411763354",
    "671065587036985814",
    "636052299872850866",
    "1517847985194127213",
    "3664798275827078983",
    "98380436054021360",
    "8653443632812827154",
    "95093076394801350",
    "2044953370546941133",
    "5317367265491319149",
    "388580932880063643",
    "paper:2175269809517540344",
    "8608037420384244332",
    "1203538209449296219",
    "2922426078850415078",
    "7000562644173252603",
    "4939152418453747647",
    "5731255064663698235",
    "740560841751875654",
    "2854168262037277207",
    "8608037420384244332",
    "4943232043604725586",
    "3860974450908273774"
  ],
  "completed": [],
  "failures": [
    {
      "paper_id": "7923455617757539481",
      "reason": "[WinError 2] The system cannot find the file specified"
    }
  ]
}
