{
  "selected": [
    "9008098354547817690",
    "5324754570666059575",
    "2756714247412412908",
    "4817631662377051471",
    "paper:1300154697251056879",
    "5931078249156846270",
    "2540239451880281701",
    "897697600186895773",
    "5440342342355043580",
    "1365321820975761311",
    "5861358040603998042",
    "8191244200735125437",
    "8812294165335769998",
    "1023859394587420018",
    "1811148867295364888",
    "8641189533146054394",
    "5365439460464158458",
    "6388947981873150301",
    "paper:7226268542381480433",
    "8864296648275355132",
    "8317501400001215637",
    "6965062130684720429",
    "5177676237332111676",
    "3444443548778834306",
    "3777018952344177141",
    "paper:5811127328061065808",
    "7980041228355039000",
    "1176133269459721137",
    "paper:5522724752364068744",
    "4416191526187061572",
    "6118794094467487120",
    "6210961159827643693",
    "5489173707066020075",
    "7092146864060192240",
    "232519151072143782",
    "4812405321161127329",
    "2483295794883128598",
    "563613727207016903",
    "8175711259934544034",
    "paper:4608955304534807959",
    "7640897835176775036",
    "7899453866567933124",
    "8197654955444307291",
    "5283274890576042047",
    "9177697807284802082",
    "2853103009348341856",
    "7131280287893412190",
    "8005520742872881824",
    "8703673973268192161",
    "1446593011478687577",
    "8841935517944597632",
    "7544990966187499063",
    "7799459892361337103",
    "5976533629805243516",
    "3325589860792198101",
    "4926759496811650546",
    "578543934030445797",
    "5013277687681955129",
    "7306647063185178752",
    "7471370614496204862",
    "425846034517358395",
    "paper:2243346262540527032",
    "paper:5292328926121544550",
    "3756507520974676869",
    "8992056403892413298",
    "3165552967462035978",
    "8707340272897143499",
    "7026582709056275203",
    "paper:6427452585837748321",
    "1717422807473497529",
    "5565637424153083739",
    "1380501885443651381",
    "8130442750273990293",
    "4667870666384874527",
    "1127395604226589344",
    "9131678562363315812",
    "8421602920000743347",
    "4056814804399050150",
    "324986720554661552",
    "5660911133442244532",
    "6726469729700416742",
    "paper:8062588993766793075",
    "6345351641851707702",
    "6097087912720214263",
    "1506467839641839636",
    "3921747553788550555",
    "4923985030555422916",
    "4551758454130549467",
    "paper:2519737537631186480",
    "5998492958162904716",
    "1575121977780858744",
    "7410104781784943033",
    "275365207706791841",
    "5471013497088986483",
    "5178064442175568684",
    "paper:4295266359966343141",
    "4916214018836402626"
  ],
  "completed": [],
  "failures": [
    {
      "paper_id": "9008098354547817690",
      "reason": "[WinError 2] The system cannot find the file specified"
    }
  ]
}
{
  "selected": [
    "9008098354547817690",
    "5324754570666059575",
    "2756714247412412908",
    "4817631662377051471",
    "paper:1300154697251056879",
    "5931078249156846270",
    "2540239451880281701",
    "897697600186895773",
    "5440342342355043580",
    "1365321820975761311",
    "5861358040603998042",
    "8191244200735125437",
    "8812294165335769998",
    "1023859394587420018",
    "1811148867295364888",
    "8641189533146054394",
    "5365439460464158458",
    "6388947981873150301",
    "paper:7226268542381480433",
    "8864296648275355132",
    "8317501400001215637",
    "6965062130684720429",
    "5177676237332111676",
    "3444443548778834306",
    "3777018952344177141",
    "paper:5811127328061065808",
    "7980041228355039000",
    "1176133269459721137",
    "paper:5522724752364068744",
    "4416191526187061572",
    "6118794094467487120",
    "6210961159827643693",
    "5489173707066020075",
    "7092146864060192240",
    "232519151072143782",
    "4812405321161127329",
    "2483295794883128598",
    "563613727207016903",
    "8175711259934544034",
    "paper:4608955304534807959",
    "7640897835176775036",
    "7899453866567933124",
    "8197654955444307291",
    "5283274890576042047",
    "9177697807284802082",
    "2853103009348341856",
    "7131280287893412190",
    "8005520742872881824",
    "8703673973268192161",
    "1446593011478687577",
    "8841935517944597632",
    "7544990966187499063",
    "7799459892361337103",
    "5976533629805243516",
    "3325589860792198101",
    "4926759496811650546",
    "578543934030445797",
    "5013277687681955129",
    "7306647063185178752",
    "7471370614496204862",
    "425846034517358395",
    "paper:2243346262540527032",
    "paper:5292328926121544550",
    "3756507520974676869",
    "8992056403892413298",
    "3165552967462035978",
    "8707340272897143499",
    "7026582709056275203",
    "paper:6427452585837748321",
    "1717422807473497529",
    "5565637424153083739",
    "1380501885443651381",
    "8130442750273990293",
    "4667870666384874527",
    "1127395604226589344",
    "9131678562363315812",
    "8421602920000743347",
    "4056814804399050150",
    "324986720554661552",
    "5660911133442244532",
    "6726469729700416742",
    "paper:8062588993766793075",
    "6345351641851707702",
    "6097087912720214263",
    "1506467839641839636",
    "3921747553788550555",
    "4923985030555422916",
    "4551758454130549467",
    "paper:2519737537631186480",
    "5998492958162904716",
    "1575121977780858744",
    "7410104781784943033",
    "275365207706791841",
    "5471013497088986483",
    "5178064442175568684",
    "paper:4295266359966343141",
    "4916214018836402626"
  ],
  "completed": [],
  "failures": [
    {
      "paper_id": "9008098354547817690",
      "reason": "[WinError 2] The system cannot find the file specified"
    }
  ]
}
