{
  "selected": [
    "3960337976911820872",
    "2727972081308243580",
    "589870538881007048",
    "5776514064819351511",
    "5297124191976859412",
    "2634454976621606413",
    "1268288694076518898",
    "4064311439852433517",
    "65419080924251135",
    "4831409068598859422",
    "1949413363997994104",
    "7392137559674702918",
    "paper:1556531449041711566",
    "6226073528391041129",
    "4139888542254749925",
    "1571199541593666790",
    "4234460441696265302",
    "4035093843930300230",
    "2192915678951349008",
    "8498770305232690071",
    "3744143091714345625",
    "3653909342723808550",
    "4457783947061649564",
    "7207769640615546235",
    "3514389708970807431",
    "paper:3440683724945289527",
    "6797971406713059383",
    "2382637345118038436",
    "7943697311280558315",
    "7396769879563976758",
    "45348270242775044",
    "8895309186572748132",
    "2297310650483153241",
    "5821792991109075354",
    "8834689156574630674",
    "6276054578985458211",
    "1708557481258577317",
    "6216357204185184319",
    "8510782636832143081",
    "2783487217340589655",
    "2861965507331637886",
    "6617474704887238992",
    "8678975684725404177",
    "6045298041749933761",
    "9144884645791103019",
    "1864847084202312157",
    "1791007196094639901",
    "paper:2441654152857921599",
    "393447688706701385",
    "3159983037217565212",
    "4506601892834450895",
    "474794768719116827",
    "paper:208829345831533423",
    "2558149849464805174",
    "6401906036644841335",
    "4787030709133370204",
    "5249385357917647408",
    "1458446883062157143",
    "4750432914262057927",
    "paper:8716837265081130831",
    "3322290286972497241",
    "4110931739643358331",
    "2794270657814811074",
    "1857510153281341040",
    "8074822915594969163",
    "6029622374539337615",
    "7768404463793610992",
    "421067556982099514",
    "7091526379634452796",
    "6894040007058686768",
    "4114198973625172477",
    "7443447264133815130",
    "3501156030807321372",
    "5589496931043643892",
    "7624062787295663653",
    "6144930733231488299",
    "7830425947721099862",
    "7461971067001145105",
    "8986462733543270629",
    "7623587238119635591",
    "8895586400492266637",
    "262625738849836935",
    "3217357374396017283",
    "3236210343388311424",
    "6514500389191054587",
    "1609432237952857484",
    "5965507379919783054",
    "15514361412951706",
    "2169497373470567944",
    "667270104634277606",
    "7000577312834237760",
    "2474849675059827596",
    "7127437920823978486",
    "5089864852119497084",
    "4540879885082082729",
    "6719814675954694099",
    "paper:28292882902421211",
    "5727111817036418680"
  ],
  "completed": [],
  "failures": [
    {
      "paper_id": "3960337976911820872",
      "reason": "[WinError 2] The system cannot find the file specified"
    }
  ]
}
{
  "selected": [
    "3960337976911820872",
    "2727972081308243580",
    "589870538881007048",
    "5776514064819351511",
    "5297124191976859412",
    "2634454976621606413",
    "1268288694076518898",
    "4064311439852433517",
    "65419080924251135",
    "4831409068598859422",
    "1949413363997994104",
    "7392137559674702918",
    "paper:1556531449041711566",
    "6226073528391041129",
    "4139888542254749925",
    "1571199541593666790",
    "4234460441696265302",
    "4035093843930300230",
    "2192915678951349008",
    "8498770305232690071",
    "3744143091714345625",
    "3653909342723808550",
    "4457783947061649564",
    "7207769640615546235",
    "3514389708970807431",
    "paper:3440683724945289527",
    "6797971406713059383",
    "2382637345118038436",
    "7943697311280558315",
    "7396769879563976758",
    "45348270242775044",
    "8895309186572748132",
    "2297310650483153241",
    "5821792991109075354",
    "8834689156574630674",
    "6276054578985458211",
    "1708557481258577317",
    "6216357204185184319",
    "8510782636832143081",
    "2783487217340589655",
    "2861965507331637886",
    "6617474704887238992",
    "8678975684725404177",
    "6045298041749933761",
    "9144884645791103019",
    "1864847084202312157",
    "1791007196094639901",
    "paper:2441654152857921599",
    "393447688706701385",
    "3159983037217565212",
    "4506601892834450895",
    "474794768719116827",
    "paper:208829345831533423",
    "2558149849464805174",
    "6401906036644841335",
    "4787030709133370204",
    "5249385357917647408",
    "1458446883062157143",
    "4750432914262057927",
    "paper:8716837265081130831",
    "3322290286972497241",
    "4110931739643358331",
    "2794270657814811074",
    "1857510153281341040",
    "8074822915594969163",
    "6029622374539337615",
    "7768404463793610992",
    "421067556982099514",
    "7091526379634452796",
    "6894040007058686768",
    "4114198973625172477",
    "7443447264133815130",
    "3501156030807321372",
    "5589496931043643892",
    "7624062787295663653",
    "6144930733231488299",
    "7830425947721099862",
    "7461971067001145105",
    "8986462733543270629",
    "7623587238119635591",
    "8895586400492266637",
    "262625738849836935",
    "3217357374396017283",
    "3236210343388311424",
    "6514500389191054587",
    "1609432237952857484",
    "5965507379919783054",
    "15514361412951706",
    "2169497373470567944",
    "667270104634277606",
    "7000577312834237760",
    "2474849675059827596",
    "7127437920823978486",
    "5089864852119497084",
    "4540879885082082729",
    "6719814675954694099",
    "paper:28292882902421211",
    "5727111817036418680"
  ],
  "completed": [],
  "failures": [
    {
      "paper_id": "3960337976911820872",
      "reason": "[WinError 2] The system cannot find the file specified"
    }
  ]
}
