{
  "selected": [
    "arxiv:2310.19699",
    "5934440152243555294",
    "247037372463674570",
    "arxiv:2312.15123",
    "arxiv:2401.12815",
    "2358317468375885502",
    "4359142198374054776",
    "8499290748226340479",
    "arxiv:2404.18208",
    "2323014594144352108",
    "6467458399946184133",
    "8080217501498385215",
    "5852004840422352788",
    "4905831661341578901",
    "arxiv:2410.06112",
    "171086596173163810",
    "8757164680856772979",
    "4666080801596472025",
    "6234118449609484987",
    "arxiv:2412.18812",
    "4432455909415076699",
    "887560099756378655",
    "571917457937769436",
    "arxiv:2503.19555",
    "8567768919336299705",
    "2104314270233489886",
    "arxiv:2506.01135",
    "2761769335822054080",
    "941610227651593359",
    "2185766229983237362",
    "3857845561562084394",
    "4381339023769131000",
    "6542197425248761429",
    "5239793737682737919",
    "1574134577672162772",
    "7920375970050081785",
    "6962210528323261289",
    "arxiv:2511.00983",
    "5589487035438989993",
    "5044124516141222318",
    "4830637205373174951",
    "597090830503133492",
    "3592518174263179693",
    "4120649929626054173",
    "arxiv:2602.13718",
    "arxiv:2603.02271",
    "4573602806349677991",
    "arxiv:2603.19418",
    "5055346589362718594",
    "9105525100349782805",
    "3995115690925861995",
    "7681488105640991156",
    "363781364255773176",
    "902319779427745989",
    "arxiv:2605.05527",
    "arxiv:2605.13749",
    "6761145958718903742",
    "arxiv:2606.00552",
    "576362709461875616",
    "8905845576224506217",
    "1951086164379907490",
    "8906816116959573404",
    "6931121951500119672",
    "6260114167250314704",
    "7729752446395306623",
    "5599684028929689597",
    "1761072512008267565",
    "4937151525167702617",
    "5688624134858144257",
    "498377849106763229",
    "5931539535869386961",
    "5336608897723105490",
    "1898251274921937493",
    "6069302969337636244",
    "1668043443522056253",
    "2931634087590650564",
    "5524303104538057129",
    "2211468744924936252",
    "2772322195988889789",
    "7520461208810272751",
    "1668043443522056253",
    "5366608874104944380",
    "3140650812728044647"
  ],
  "completed": [],
  "failures": [
    {
      "paper_id": "arxiv:2310.19699",
      "reason": "[WinError 2] The system cannot find the file specified"
    }
  ]
}
{
  "selected": [
    "arxiv:2310.19699",
    "5934440152243555294",
    "247037372463674570",
    "arxiv:2312.15123",
    "arxiv:2401.12815",
    "2358317468375885502",
    "4359142198374054776",
    "8499290748226340479",
    "arxiv:2404.18208",
    "2323014594144352108",
    "6467458399946184133",
    "8080217501498385215",
    "5852004840422352788",
    "4905831661341578901",
    "arxiv:2410.06112",
    "171086596173163810",
    "8757164680856772979",
    "4666080801596472025",
    "6234118449609484987",
    "arxiv:2412.18812",
    "4432455909415076699",
    "887560099756378655",
    "571917457937769436",
    "arxiv:2503.19555",
    "8567768919336299705",
    "2104314270233489886",
    "arxiv:2506.01135",
    "2761769335822054080",
    "941610227651593359",
    "2185766229983237362",
    "3857845561562084394",
    "4381339023769131000",
    "6542197425248761429",
    "5239793737682737919",
    "1574134577672162772",
    "7920375970050081785",
    "6962210528323261289",
    "arxiv:2511.00983",
    "5589487035438989993",
    "5044124516141222318",
    "4830637205373174951",
    "597090830503133492",
    "3592518174263179693",
    "4120649929626054173",
    "arxiv:2602.13718",
    "arxiv:2603.02271",
    "4573602806349677991",
    "arxiv:2603.19418",
    "5055346589362718594",
    "9105525100349782805",
    "3995115690925861995",
    "7681488105640991156",
    "363781364255773176",
    "902319779427745989",
    "arxiv:2605.05527",
    "arxiv:2605.13749",
    "6761145958718903742",
    "arxiv:2606.00552",
    "576362709461875616",
    "8905845576224506217",
    "1951086164379907490",
    "8906816116959573404",
    "6931121951500119672",
    "6260114167250314704",
    "7729752446395306623",
    "5599684028929689597",
    "1761072512008267565",
    "4937151525167702617",
    "5688624134858144257",
    "498377849106763229",
    "5931539535869386961",
    "5336608897723105490",
    "1898251274921937493",
    "6069302969337636244",
    "1668043443522056253",
    "2931634087590650564",
    "5524303104538057129",
    "2211468744924936252",
    "2772322195988889789",
    "7520461208810272751",
    "1668043443522056253",
    "5366608874104944380",
    "3140650812728044647"
  ],
  "completed": [],
  "failures": [
    {
      "paper_id": "arxiv:2310.19699",
      "reason": "[WinError 2] The system cannot find the file specified"
    }
  ]
}
