{
  "selected": [
    "3871984476710892555",
    "1045061837287933572",
    "4275919601340604786",
    "960066316139090677",
    "8705531516229927827",
    "1285158271858717206",
    "5396548060118504054",
    "4449360832765317079",
    "7283097417584407771",
    "4069800463177077041",
    "2115619635815627513",
    "arxiv:2010.12114",
    "238041654804639260",
    "1358290719801915792",
    "7865034857012623966",
    "3128522236556480702",
    "8535061699263342057",
    "3390814624128138026",
    "8172766496941386577",
    "2154163088485871028",
    "868918714334910253",
    "arxiv:2201.03175",
    "6800574349478778784",
    "5369529027105611784",
    "1097939111142689472",
    "7005852229130754728",
    "5041264122573570510",
    "492218436397604387",
    "1947083336753205595",
    "5139490866812098918",
    "7620808219149409718",
    "8102028585888632896",
    "8561854163316271941",
    "4070517230443",
    "509034711155382676",
    "5792322162514556537",
    "8332588441171868595",
    "8838587758740285651",
    "1480341599344925445",
    "247034073928789937",
    "arxiv:2312.10356",
    "4186155202172654199",
    "7323364571112915051",
    "2829399507821631178",
    "8687987873447385173",
    "5053930566941177736",
    "591397950646880097",
    "7861821626367814759",
    "8383129057629492266",
    "2485365029832433847",
    "974477220233621515",
    "1933595173721957862",
    "6025675210517228757",
    "4387281134661619038",
    "5203195530365023883",
    "4286980218876081310",
    "4374045694681754426",
    "7303169716972351648",
    "1174663628263380259",
    "8857891919524725306",
    "6344596372006590867",
    "7454753117799628918",
    "arxiv:2505.06780",
    "2056223403963298418",
    "2086215060043610282",
    "2129969028896478575",
    "1866153357125297436",
    "4034478371517734286",
    "6822928053718226751",
    "arxiv:2508.06133",
    "5247552991241509146",
    "2222259298937831723",
    "1798807342958589966",
    "4633238585881888356",
    "arxiv:2510.18544",
    "arxiv:2510.24113",
    "8105309266257635510",
    "5451060507501470584",
    "2167850864120920301",
    "1466154793898355406",
    "5868006927117943253",
    "arxiv:2602.08296",
    "5519133081468995501",
    "531072298999178666",
    "arxiv:2603.07309",
    "5677962604628405295",
    "8651464511882425804",
    "2811257509632522362",
    "1393208390158834869",
    "2575451725150813508",
    "3360826179826483892",
    "2769760053031621516",
    "arxiv:2605.00616",
    "3323541428784451505",
    "3352411087723790442",
    "6910876136037705726",
    "6902957727205386091",
    "8458659287241322753",
    "6229544255917851645",
    "5155986235230944249",
    "arxiv:2607.02043",
    "3139187794791879128",
    "7726924502488115606",
    "8069653338168752361",
    "9171327884192685453",
    "2615386525706781434",
    "3015391333628338371",
    "4288321889768320313",
    "arxiv:2608.09556",
    "3118903724793416344",
    "1175326315228215280",
    "2105969947860896935",
    "2552709141967518849",
    "4288321889768320313",
    "3829193067904402061",
    "1372600695109349797",
    "5976916227115129888",
    "429486151095015039",
    "8566449090903860956",
    "218875704244974896",
    "1302379362498927557",
    "1381015205915211242"
  ],
  "completed": [],
  "failures": [
    {
      "paper_id": "3871984476710892555",
      "reason": "[WinError 2] The system cannot find the file specified"
    }
  ]
}
{
  "selected": [
    "3871984476710892555",
    "1045061837287933572",
    "4275919601340604786",
    "960066316139090677",
    "8705531516229927827",
    "1285158271858717206",
    "5396548060118504054",
    "4449360832765317079",
    "7283097417584407771",
    "4069800463177077041",
    "2115619635815627513",
    "arxiv:2010.12114",
    "238041654804639260",
    "1358290719801915792",
    "7865034857012623966",
    "3128522236556480702",
    "8535061699263342057",
    "3390814624128138026",
    "8172766496941386577",
    "2154163088485871028",
    "868918714334910253",
    "arxiv:2201.03175",
    "6800574349478778784",
    "5369529027105611784",
    "1097939111142689472",
    "7005852229130754728",
    "5041264122573570510",
    "492218436397604387",
    "1947083336753205595",
    "5139490866812098918",
    "7620808219149409718",
    "8102028585888632896",
    "8561854163316271941",
    "4070517230443",
    "509034711155382676",
    "5792322162514556537",
    "8332588441171868595",
    "8838587758740285651",
    "1480341599344925445",
    "247034073928789937",
    "arxiv:2312.10356",
    "4186155202172654199",
    "7323364571112915051",
    "2829399507821631178",
    "8687987873447385173",
    "5053930566941177736",
    "591397950646880097",
    "7861821626367814759",
    "8383129057629492266",
    "2485365029832433847",
    "974477220233621515",
    "1933595173721957862",
    "6025675210517228757",
    "4387281134661619038",
    "5203195530365023883",
    "4286980218876081310",
    "4374045694681754426",
    "7303169716972351648",
    "1174663628263380259",
    "8857891919524725306",
    "6344596372006590867",
    "7454753117799628918",
    "arxiv:2505.06780",
    "2056223403963298418",
    "2086215060043610282",
    "2129969028896478575",
    "1866153357125297436",
    "4034478371517734286",
    "6822928053718226751",
    "arxiv:2508.06133",
    "5247552991241509146",
    "2222259298937831723",
    "1798807342958589966",
    "4633238585881888356",
    "arxiv:2510.18544",
    "arxiv:2510.24113",
    "8105309266257635510",
    "5451060507501470584",
    "2167850864120920301",
    "1466154793898355406",
    "5868006927117943253",
    "arxiv:2602.08296",
    "5519133081468995501",
    "531072298999178666",
    "arxiv:2603.07309",
    "5677962604628405295",
    "8651464511882425804",
    "2811257509632522362",
    "1393208390158834869",
    "2575451725150813508",
    "3360826179826483892",
    "2769760053031621516",
    "arxiv:2605.00616",
    "3323541428784451505",
    "3352411087723790442",
    "6910876136037705726",
    "6902957727205386091",
    "8458659287241322753",
    "6229544255917851645",
    "5155986235230944249",
    "arxiv:2607.02043",
    "3139187794791879128",
    "7726924502488115606",
    "8069653338168752361",
    "9171327884192685453",
    "2615386525706781434",
    "3015391333628338371",
    "4288321889768320313",
    "arxiv:2608.09556",
    "3118903724793416344",
    "1175326315228215280",
    "2105969947860896935",
    "2552709141967518849",
    "4288321889768320313",
    "3829193067904402061",
    "1372600695109349797",
    "5976916227115129888",
    "429486151095015039",
    "8566449090903860956",
    "218875704244974896",
    "1302379362498927557",
    "1381015205915211242"
  ],
  "completed": [],
  "failures": [
    {
      "paper_id": "3871984476710892555",
      "reason": "[WinError 2] The system cannot find the file specified"
    }
  ]
}
