{
  "selected": [
    "3670239674297794788",
    "8117542603110549527",
    "3704016759340838714",
    "1591404036902466389",
    "4113840477483214706",
    "2809568808606042733",
    "4947395162241882235",
    "7819353585440594386",
    "8275379364533900043",
    "9102213496411494579",
    "8569023696122445190",
    "7826101640011028045",
    "paper:3110698694674840840",
    "7709841735999867532",
    "4528112332584191501",
    "2027888234226457172",
    "874298919737928684",
    "2459006564934391472",
    "paper:6514265074241762393",
    "3198982608089935996",
    "2938501511434376375",
    "paper:5136772124119058400",
    "paper:775111386804903338",
    "4110873995013937572",
    "3378991819259775622",
    "3918778872392948530",
    "6239267019367308728",
    "7434120424009548270",
    "7288047849401208828",
    "2684679195894004220",
    "8859930875088945439",
    "3607758249959625794",
    "8186508136804464944",
    "paper:4751966682714937130",
    "3067399962883869378",
    "6080059049997530992",
    "5975973966406579709"
  ],
  "completed": [],
  "failures": [
    {
      "paper_id": "3670239674297794788",
      "reason": "[WinError 2] The system cannot find the file specified"
    }
  ]
}
