{
  "selected": [
    "143460747647267874",
    "3400887765913239333",
    "8836829174165244807",
    "9065691670049191156",
    "6042873572968307910",
    "3275744682450819085",
    "7215462750758959688",
    "3857242430318247041",
    "3921037533079953532",
    "3331641085938064188",
    "4250366347354359244",
    "2941188027225778853",
    "6317852705806309896",
    "7246975992757940847",
    "2331445376423083715",
    "7268720356905580176",
    "1299676452306781208",
    "4674620177655589222",
    "2747862654286934742",
    "7242869157727785391",
    "564902359379766036",
    "8600157523503653022",
    "2668825070745281842",
    "7577510759104846305",
    "paper:4937617365185896349",
    "7821267339966800197",
    "2230560277352754166",
    "3105134021843818568",
    "6081934533047666232",
    "8441656484005782221",
    "7515828305967896364",
    "2805115590992182907",
    "6893404176074706199",
    "5939178621969844352",
    "662263273990309953",
    "2017765153115571110",
    "8747301481994907122",
    "7500726365091736585",
    "4064768326119906230",
    "3182869995135584847",
    "7619412427832319174",
    "8515808022907311701",
    "921083727270268951",
    "3706060634869371683",
    "7768505188083071770",
    "paper:1949942817381172902",
    "5761365593118356105",
    "6860162365178148715",
    "2775159188427758488",
    "paper:7144276234921142186",
    "paper:1285248416512278636",
    "2763536345297066997",
    "paper:2316498011475925917",
    "8120375891789958659",
    "4055753352827650331",
    "paper:3247876103665445381",
    "8607532894279263356",
    "4297249878943257335",
    "813449355947414537",
    "paper:8905887077880728096",
    "5990148641765362197",
    "4234497457583451490",
    "2286403950000528416",
    "2462544706573928545",
    "paper:3050276477997493044",
    "6920404906628831865",
    "5094079407818321718",
    "paper:4043137942536385196",
    "6788545995122936310",
    "5203430554613882966",
    "6842159854026318521",
    "7444154104062898252",
    "5361251992373033339",
    "1603180777143809516",
    "3444725243433150170",
    "4694497721726926418",
    "8608037420384244332",
    "4110924518072083091",
    "6401622440267043400",
    "3301234174747537124",
    "7865425227327049431",
    "7529615211258618927",
    "7492212721229651631",
    "8608037420384244332",
    "3799459563473477036",
    "7863506033513347793"
  ],
  "completed": [],
  "failures": [
    {
      "paper_id": "143460747647267874",
      "reason": "[WinError 2] The system cannot find the file specified"
    }
  ]
}
{
  "selected": [
    "143460747647267874",
    "3400887765913239333",
    "8836829174165244807",
    "9065691670049191156",
    "6042873572968307910",
    "3275744682450819085",
    "7215462750758959688",
    "3857242430318247041",
    "3921037533079953532",
    "3331641085938064188",
    "4250366347354359244",
    "2941188027225778853",
    "6317852705806309896",
    "7246975992757940847",
    "2331445376423083715",
    "7268720356905580176",
    "1299676452306781208",
    "4674620177655589222",
    "2747862654286934742",
    "7242869157727785391",
    "564902359379766036",
    "8600157523503653022",
    "2668825070745281842",
    "7577510759104846305",
    "paper:4937617365185896349",
    "7821267339966800197",
    "2230560277352754166",
    "3105134021843818568",
    "6081934533047666232",
    "8441656484005782221",
    "7515828305967896364",
    "2805115590992182907",
    "6893404176074706199",
    "5939178621969844352",
    "662263273990309953",
    "2017765153115571110",
    "8747301481994907122",
    "7500726365091736585",
    "4064768326119906230",
    "3182869995135584847",
    "7619412427832319174",
    "8515808022907311701",
    "921083727270268951",
    "3706060634869371683",
    "7768505188083071770",
    "paper:1949942817381172902",
    "5761365593118356105",
    "6860162365178148715",
    "2775159188427758488",
    "paper:7144276234921142186",
    "paper:1285248416512278636",
    "2763536345297066997",
    "paper:2316498011475925917",
    "8120375891789958659",
    "4055753352827650331",
    "paper:3247876103665445381",
    "8607532894279263356",
    "4297249878943257335",
    "813449355947414537",
    "paper:8905887077880728096",
    "5990148641765362197",
    "4234497457583451490",
    "2286403950000528416",
    "2462544706573928545",
    "paper:3050276477997493044",
    "6920404906628831865",
    "5094079407818321718",
    "paper:4043137942536385196",
    "6788545995122936310",
    "5203430554613882966",
    "6842159854026318521",
    "7444154104062898252",
    "5361251992373033339",
    "1603180777143809516",
    "3444725243433150170",
    "4694497721726926418",
    "8608037420384244332",
    "4110924518072083091",
    "6401622440267043400",
    "3301234174747537124",
    "7865425227327049431",
    "7529615211258618927",
    "7492212721229651631",
    "8608037420384244332",
    "3799459563473477036",
    "7863506033513347793"
  ],
  "completed": [],
  "failures": [
    {
      "paper_id": "143460747647267874",
      "reason": "[WinError 2] The system cannot find the file specified"
    }
  ]
}
