{
  "selected": [
    "7197996388790055055",
    "6154343074503817817",
    "2235791488810644820",
    "1450766783386017769",
    "3177472126318137908",
    "2961084991260549324",
    "2318330897359775204",
    "4802289584362832861",
    "3144803164238146682",
    "8446644156764785898",
    "paper:1393105094511067822",
    "4708546600465757063",
    "5678736845879146756",
    "6954460070857515750",
    "7727887448853140793",
    "1269277471812976025",
    "paper:7913371153702371293",
    "5336364734150426579",
    "8895478840153220158",
    "2624189599278595180",
    "5377945209235818781",
    "4950676848395813543",
    "3051124201462654500",
    "5753313995526266547",
    "1976114020174090690",
    "7713895814097878066",
    "8801856114863787030",
    "6255257566819801832",
    "1438314613006388708",
    "210817887333303671",
    "1353556194998635161",
    "2680903962669207350",
    "952767900657476003",
    "5787963904249942165",
    "5634005802632942786",
    "335244468742819020",
    "6171449691587333019",
    "5884114426792157395",
    "426729849443720012",
    "8183393621315413490",
    "6914299372930361226",
    "3434029611882743811",
    "7124434953197182767",
    "885044094341911085"
  ],
  "completed": [],
  "failures": [
    {
      "paper_id": "7197996388790055055",
      "reason": "[WinError 2] The system cannot find the file specified"
    }
  ]
}
