{
  "selected": [
    "arxiv:2509.19486",
    "3299371768691771971",
    "182396430684305034",
    "7643556002664870553",
    "8438926716725811608",
    "745826798858530049",
    "4640478975552611682",
    "8083047399534387825",
    "4527108478467824083",
    "4957292609861434555",
    "2139775655631860928",
    "8279130694770794154",
    "4601031261350824627",
    "6475716740606225073",
    "8901474612632347847",
    "1994509383886062229",
    "356744853930880706",
    "3448472613018289371",
    "7595282496078262048",
    "5838555704271719854",
    "8493473766441459476",
    "6470528680448553143",
    "4725514452963240801",
    "6533537354173585470",
    "4154440699841849599",
    "809444332749169443",
    "5029640582579021629",
    "9110691625195224939",
    "269128158884843164",
    "5659676290151043754",
    "arxiv:2607.12614",
    "4678418744073967721",
    "1571300075361954208",
    "arxiv:2607.22242",
    "arxiv:2607.28223",
    "arxiv:2608.08338",
    "2557612658538843843",
    "6718955699918105612",
    "8176620910093036846",
    "3847908702569125395",
    "4452630211623390692",
    "7163472997400082829",
    "7119746593355855053",
    "5953628598697212834",
    "9022175127994743410",
    "502780628454977798",
    "8529463343270812381",
    "3391115723392121549"
  ],
  "completed": [],
  "failures": [
    {
      "paper_id": "arxiv:2509.19486",
      "reason": "[WinError 2] The system cannot find the file specified"
    }
  ]
}
{
  "selected": [
    "arxiv:2509.19486",
    "3299371768691771971",
    "182396430684305034",
    "7643556002664870553",
    "8438926716725811608",
    "745826798858530049",
    "4640478975552611682",
    "8083047399534387825",
    "4527108478467824083",
    "4957292609861434555",
    "2139775655631860928",
    "8279130694770794154",
    "4601031261350824627",
    "6475716740606225073",
    "8901474612632347847",
    "1994509383886062229",
    "356744853930880706",
    "3448472613018289371",
    "7595282496078262048",
    "5838555704271719854",
    "8493473766441459476",
    "6470528680448553143",
    "4725514452963240801",
    "6533537354173585470",
    "4154440699841849599",
    "809444332749169443",
    "5029640582579021629",
    "9110691625195224939",
    "269128158884843164",
    "5659676290151043754",
    "arxiv:2607.12614",
    "4678418744073967721",
    "1571300075361954208",
    "arxiv:2607.22242",
    "arxiv:2607.28223",
    "arxiv:2608.08338",
    "2557612658538843843",
    "6718955699918105612",
    "8176620910093036846",
    "3847908702569125395",
    "4452630211623390692",
    "7163472997400082829",
    "7119746593355855053",
    "5953628598697212834",
    "9022175127994743410",
    "502780628454977798",
    "8529463343270812381",
    "3391115723392121549"
  ],
  "completed": [],
  "failures": [
    {
      "paper_id": "arxiv:2509.19486",
      "reason": "[WinError 2] The system cannot find the file specified"
    }
  ]
}
