{
  "selected": [
    "5785556508778427907",
    "875155208603979263",
    "4719832985776024047",
    "8067658222323430056",
    "1712554309870911946",
    "5453530192104496224",
    "2597599735354956596",
    "5098808467339726848",
    "80979387164826242",
    "1755351680171509675",
    "2367833977732839801",
    "5075266179926110431",
    "2019497443263280237",
    "992964764350579275",
    "417731485108381566",
    "6188873004102168102",
    "8561887109684953007"
  ],
  "completed": [],
  "failures": [
    {
      "paper_id": "5785556508778427907",
      "reason": "[WinError 2] The system cannot find the file specified"
    }
  ]
}
