Input #0, mov,mp4,m4a,3gp,3g2,mj2, from 'C:\Users\moham\Downloads\reflex demo - retimed diagrams and webcam.mp4':
  Metadata:
    major_brand     : isom
    minor_version   : 512
    compatible_brands: isomiso2avc1mp41
    encoder         : Lavf61.7.100
  Duration: 00:01:36.53, start: 0.000000, bitrate: 1699 kb/s
  Stream #0:0[0x1](und): Video: h264 (High) (avc1 / 0x31637661), yuv420p(progressive), 1920x1080 [SAR 1:1 DAR 16:9], 1564 kb/s, 60 fps, 60 tbr, 15360 tbn (default)
      Metadata:
        handler_name    : VideoHandler
        vendor_id       : [0][0][0][0]
        encoder         : Lavc61.19.100 libx264
  Stream #0:1[0x2](und): Audio: aac (LC) (mp4a / 0x6134706D), 48000 Hz, stereo, fltp, 127 kb/s (default)
      Metadata:
        handler_name    : SoundHandler
        vendor_id       : [0][0][0][0]
[Parsed_ass_0 @ 000001b857db2a40] libass API version: 0x1703000
[Parsed_ass_0 @ 000001b857db2a40] libass source: commit: 0.17.3-32-g5298859c298d3c570d8d7e3b883a0d63490659b8
[Parsed_ass_0 @ 000001b857db2a40] Shaper: FriBidi 1.0.16 (SIMPLE) HarfBuzz-ng 10.0.1 (COMPLEX)
[Parsed_ass_0 @ 000001b857db2a40] Using font provider directwrite (with GDI)
[Parsed_ass_0 @ 000001b857db2a40] Added subtitle file: 'final-subtitles.ass' (3 styles, 36 events)
Stream mapping:
  Stream #0:0 -> #0:0 (h264 (native) -> h264 (libx264))
  Stream #0:1 -> #0:1 (copy)
[Parsed_ass_0 @ 000001b855f17680] libass API version: 0x1703000
[Parsed_ass_0 @ 000001b855f17680] libass source: commit: 0.17.3-32-g5298859c298d3c570d8d7e3b883a0d63490659b8
[Parsed_ass_0 @ 000001b855f17680] Shaper: FriBidi 1.0.16 (SIMPLE) HarfBuzz-ng 10.0.1 (COMPLEX)
[Parsed_ass_0 @ 000001b855f17680] Using font provider directwrite (with GDI)
[Parsed_ass_0 @ 000001b855f17680] Added subtitle file: 'final-subtitles.ass' (3 styles, 36 events)
[libx264 @ 000001b857b492c0] using SAR=1/1
[libx264 @ 000001b857b492c0] using cpu capabilities: MMX2 SSE2Fast SSSE3 SSE4.2 AVX FMA3 BMI2 AVX2 AVX512
[libx264 @ 000001b857b492c0] profile High, level 4.2, 4:2:0, 8-bit
[libx264 @ 000001b857b492c0] 264 - core 164 r3192 c24e06c - H.264/MPEG-4 AVC codec - Copyleft 2003-2024 - http://www.videolan.org/x264.html - options: cabac=1 ref=1 deblock=1:0:0 analyse=0x3:0x113 me=hex subme=2 psy=1 psy_rd=1.00:0.00 mixed_ref=0 me_range=16 chroma_me=1 trellis=0 8x8dct=1 cqm=0 deadzone=21,11 fast_pskip=1 chroma_qp_offset=0 threads=4 lookahead_threads=1 sliced_threads=0 nr=0 decimate=1 interlaced=0 bluray_compat=0 constrained_intra=0 bframes=3 b_pyramid=2 b_adapt=1 b_bias=0 direct=1 weightb=1 open_gop=0 weightp=1 keyint=250 keyint_min=25 scenecut=40 intra_refresh=0 rc_lookahead=10 rc=crf mbtree=1 crf=18.0 qcomp=0.60 qpmin=0 qpmax=69 qpstep=4 ip_ratio=1.40 aq=1:1.00
Output #0, mp4, to 'C:\Users\moham\Downloads\reflex demo - FINAL subtitled.mp4':
  Metadata:
    major_brand     : isom
    minor_version   : 512
    compatible_brands: isomiso2avc1mp41
    encoder         : Lavf61.7.100
  Stream #0:0(und): Video: h264 (avc1 / 0x31637661), yuv420p(tv, progressive), 1920x1080 [SAR 1:1 DAR 16:9], q=2-31, 60 fps, 15360 tbn (default)
      Metadata:
        handler_name    : VideoHandler
        vendor_id       : [0][0][0][0]
        encoder         : Lavc61.19.100 libx264
      Side data:
        cpb: bitrate max/min/avg: 0/0/0 buffer size: 0 vbv_delay: N/A
  Stream #0:1(und): Audio: aac (LC) (mp4a / 0x6134706D), 48000 Hz, stereo, fltp, 127 kb/s (default)
      Metadata:
        handler_name    : SoundHandler
        vendor_id       : [0][0][0][0]
[Parsed_ass_0 @ 000001b855f17680] fontselect: (Arial, 400, 0) -> ArialMT, 0, ArialMT
[mp4 @ 000001b85773e6c0] Starting second pass: moving the moov atom to the beginning of the file
[out#0/mp4 @ 000001b857b4ae80] video:17417KiB audio:1440KiB subtitle:0KiB other streams:0KiB global headers:0KiB muxing overhead: 0.783477%
frame= 5792 fps= 59 q=-1.0 Lsize=   19004KiB time=00:01:32.53 bitrate=1682.4kbits/s speed=0.945x    
[libx264 @ 000001b857b492c0] frame I:25    Avg QP: 9.75  size: 59256
[libx264 @ 000001b857b492c0] frame P:1566  Avg QP:16.14  size:  7918
[libx264 @ 000001b857b492c0] frame B:4201  Avg QP:16.89  size:   941
[libx264 @ 000001b857b492c0] consecutive B-frames:  0.6%  6.1%  6.0% 87.3%
[libx264 @ 000001b857b492c0] mb I  I16..4: 72.4% 15.7% 11.9%
[libx264 @ 000001b857b492c0] mb P  I16..4:  4.2%  8.8%  0.2%  P16..4:  3.4%  1.4%  0.6%  0.0%  0.0%    skip:81.5%
[libx264 @ 000001b857b492c0] mb B  I16..4:  0.3%  0.4%  0.0%  B16..8:  2.0%  0.3%  0.0%  direct: 1.4%  skip:95.6%  L0:43.6% L1:53.4% BI: 3.0%
[libx264 @ 000001b857b492c0] 8x8 transform intra:60.6% inter:21.8%
[libx264 @ 000001b857b492c0] coded y,uvDC,uvAC intra: 39.7% 70.2% 15.8% inter: 0.4% 2.4% 0.0%
[libx264 @ 000001b857b492c0] i16 v,h,dc,p: 48% 21% 22%  9%
[libx264 @ 000001b857b492c0] i8 v,h,dc,ddl,ddr,vr,hd,vl,hu: 34% 23% 23%  4%  3%  3%  3%  5%  3%
[libx264 @ 000001b857b492c0] i4 v,h,dc,ddl,ddr,vr,hd,vl,hu: 37% 24% 15%  4%  4%  4%  4%  4%  3%
[libx264 @ 000001b857b492c0] i8c dc,h,v,p: 48% 28% 21%  3%
[libx264 @ 000001b857b492c0] Weighted P-Frames: Y:0.0% UV:0.0%
[libx264 @ 000001b857b492c0] kb/s:1477.95
